// Jest Snapshot v1, https://goo.gl/fbAQLP

exports[`List accessibility contract matches the committed accessibility tree 1`] = `
[
  {
    "children": [
      {
        "children": [],
        "focusable": true,
        "label": "alpha",
        "posInSet": 1,
        "role": "listitem",
        "setSize": 3,
        "state": {
          "selected": true,
        },
        "tabIndex": 0,
      },
      {
        "children": [],
        "focusable": true,
        "label": "bravo",
        "posInSet": 2,
        "role": "listitem",
        "setSize": 3,
        "state": {
          "selected": false,
        },
        "tabIndex": -1,
      },
      {
        "children": [],
        "focusable": true,
        "label": "charlie",
        "posInSet": 3,
        "role": "listitem",
        "setSize": 3,
        "state": {
          "selected": false,
        },
        "tabIndex": -1,
      },
    ],
    "label": "Repositories",
    "role": "list",
  },
]
`;
